 
****************************************
Report : cell
Design : UART
Version: G-2012.06-ICC-SP2
Date   : Wed May 10 11:00:16 2017
****************************************

Attributes:
    b - black box (unknown)
    d - dont_touch
    h - hierarchical
    n - noncombinational
    r - removable
    u - contains unmapped logic

Cell                      Reference       Library             Area  Attributes
--------------------------------------------------------------------------------
CLKBUF_X1_G1B1I3          CLKBUF_X1       NangateOpenCellLibrary_ss0p95vn40c
                                                          0.798000  d
CLKBUF_X1_G1B1I35         CLKBUF_X1       NangateOpenCellLibrary_ss0p95vn40c
                                                          0.798000  d
CLKBUF_X1_G1B1I41         CLKBUF_X1       NangateOpenCellLibrary_ss0p95vn40c
                                                          0.798000  d
CLKBUF_X1_G1B1I43         CLKBUF_X1       NangateOpenCellLibrary_ss0p95vn40c
                                                          0.798000  d
CLKBUF_X1_G1B1I47         CLKBUF_X1       NangateOpenCellLibrary_ss0p95vn40c
                                                          0.798000  d
CLKBUF_X1_G1B1I70         CLKBUF_X1       NangateOpenCellLibrary_ss0p95vn40c
                                                          0.798000  d
CLKBUF_X1_G1B1I79_1       CLKBUF_X1       NangateOpenCellLibrary_ss0p95vn40c
                                                          0.798000  d
CLKBUF_X1_G1B1I96         CLKBUF_X1       NangateOpenCellLibrary_ss0p95vn40c
                                                          0.798000  d
CLKBUF_X1_G1B1I114_1      CLKBUF_X1       NangateOpenCellLibrary_ss0p95vn40c
                                                          0.798000  d
CLKBUF_X1_G1B1I126        CLKBUF_X1       NangateOpenCellLibrary_ss0p95vn40c
                                                          0.798000  d
CLKBUF_X1_G1B1I133        CLKBUF_X1       NangateOpenCellLibrary_ss0p95vn40c
                                                          0.798000  d
CLKBUF_X1_G1B1I165        CLKBUF_X1       NangateOpenCellLibrary_ss0p95vn40c
                                                          0.798000  d
CLKBUF_X1_G1B1I211        CLKBUF_X1       NangateOpenCellLibrary_ss0p95vn40c
                                                          0.798000  d
CLKBUF_X1_G1B1I227_1      CLKBUF_X1       NangateOpenCellLibrary_ss0p95vn40c
                                                          0.798000  d
CLKBUF_X1_G1B1I229        CLKBUF_X1       NangateOpenCellLibrary_ss0p95vn40c
                                                          0.798000  d
CLKBUF_X1_G1B1I230        CLKBUF_X1       NangateOpenCellLibrary_ss0p95vn40c
                                                          0.798000  d
CLKBUF_X1_G1B1I249_1      CLKBUF_X1       NangateOpenCellLibrary_ss0p95vn40c
                                                          0.798000  d
CLKBUF_X1_G1B1I272        CLKBUF_X1       NangateOpenCellLibrary_ss0p95vn40c
                                                          0.798000  d
CLKBUF_X1_G1B1I273        CLKBUF_X1       NangateOpenCellLibrary_ss0p95vn40c
                                                          0.798000  d
CLKBUF_X1_G1B1I283_1      CLKBUF_X1       NangateOpenCellLibrary_ss0p95vn40c
                                                          0.798000  d
CLKBUF_X1_G1B1I298        CLKBUF_X1       NangateOpenCellLibrary_ss0p95vn40c
                                                          0.798000  d
CLKBUF_X1_G1B1I299        CLKBUF_X1       NangateOpenCellLibrary_ss0p95vn40c
                                                          0.798000  d
CLKBUF_X1_G1B1I300        CLKBUF_X1       NangateOpenCellLibrary_ss0p95vn40c
                                                          0.798000  d
CLKBUF_X1_G1B1I314        CLKBUF_X1       NangateOpenCellLibrary_ss0p95vn40c
                                                          0.798000  d
CLKBUF_X1_G1B1I315        CLKBUF_X1       NangateOpenCellLibrary_ss0p95vn40c
                                                          0.798000  d
CLKBUF_X1_G1B1I316        CLKBUF_X1       NangateOpenCellLibrary_ss0p95vn40c
                                                          0.798000  d
CLKBUF_X1_G1B1I317        CLKBUF_X1       NangateOpenCellLibrary_ss0p95vn40c
                                                          0.798000  d
CLKBUF_X1_G1B1I331        CLKBUF_X1       NangateOpenCellLibrary_ss0p95vn40c
                                                          0.798000  d
CLKBUF_X1_G1B1I332        CLKBUF_X1       NangateOpenCellLibrary_ss0p95vn40c
                                                          0.798000  d
CLKBUF_X1_G1B1I333        CLKBUF_X1       NangateOpenCellLibrary_ss0p95vn40c
                                                          0.798000  d
CLKBUF_X1_G1B1I348        CLKBUF_X1       NangateOpenCellLibrary_ss0p95vn40c
                                                          0.798000  d
CLKBUF_X1_G1B1I354        CLKBUF_X1       NangateOpenCellLibrary_ss0p95vn40c
                                                          0.798000  d
CLKBUF_X1_G1B1I358        CLKBUF_X1       NangateOpenCellLibrary_ss0p95vn40c
                                                          0.798000  d
CLKBUF_X1_G1B1I359        CLKBUF_X1       NangateOpenCellLibrary_ss0p95vn40c
                                                          0.798000  d
CLKBUF_X1_G1B1I382        CLKBUF_X1       NangateOpenCellLibrary_ss0p95vn40c
                                                          0.798000  d
CLKBUF_X1_G1B1I385        CLKBUF_X1       NangateOpenCellLibrary_ss0p95vn40c
                                                          0.798000  d
CLKBUF_X1_G1B1I386        CLKBUF_X1       NangateOpenCellLibrary_ss0p95vn40c
                                                          0.798000  d
CLKBUF_X1_G1B1I403        CLKBUF_X1       NangateOpenCellLibrary_ss0p95vn40c
                                                          0.798000  d
CLKBUF_X1_G1B1I405        CLKBUF_X1       NangateOpenCellLibrary_ss0p95vn40c
                                                          0.798000  d
CLKBUF_X1_G1B1I421        CLKBUF_X1       NangateOpenCellLibrary_ss0p95vn40c
                                                          0.798000  d
CLKBUF_X1_G1B1I422        CLKBUF_X1       NangateOpenCellLibrary_ss0p95vn40c
                                                          0.798000  d
CLKBUF_X1_G1B1I467        CLKBUF_X1       NangateOpenCellLibrary_ss0p95vn40c
                                                          0.798000  d
CLKBUF_X1_G1B1I502        CLKBUF_X1       NangateOpenCellLibrary_ss0p95vn40c
                                                          0.798000  d
CLKBUF_X1_G1B1I509        CLKBUF_X1       NangateOpenCellLibrary_ss0p95vn40c
                                                          0.798000  d
CLKBUF_X1_G1B1I539        CLKBUF_X1       NangateOpenCellLibrary_ss0p95vn40c
                                                          0.798000  d
CLKBUF_X1_G1B1I549        CLKBUF_X1       NangateOpenCellLibrary_ss0p95vn40c
                                                          0.798000  d
CLKBUF_X1_G1B1I559        CLKBUF_X1       NangateOpenCellLibrary_ss0p95vn40c
                                                          0.798000  d
CLKBUF_X1_G1B1I561        CLKBUF_X1       NangateOpenCellLibrary_ss0p95vn40c
                                                          0.798000  d
CLKBUF_X1_G1B1I566        CLKBUF_X1       NangateOpenCellLibrary_ss0p95vn40c
                                                          0.798000  d
CLKBUF_X1_G1B2I7          CLKBUF_X1       NangateOpenCellLibrary_ss0p95vn40c
                                                          0.798000  d
CLKBUF_X1_G1B2I12         CLKBUF_X1       NangateOpenCellLibrary_ss0p95vn40c
                                                          0.798000  d
CLKBUF_X1_G1B2I13         CLKBUF_X1       NangateOpenCellLibrary_ss0p95vn40c
                                                          0.798000  d
CLKBUF_X1_G1B2I17         CLKBUF_X1       NangateOpenCellLibrary_ss0p95vn40c
                                                          0.798000  d
CLKBUF_X1_G1B2I26         CLKBUF_X1       NangateOpenCellLibrary_ss0p95vn40c
                                                          0.798000  d
CLKBUF_X1_G1B2I37         CLKBUF_X1       NangateOpenCellLibrary_ss0p95vn40c
                                                          0.798000  d
CLKBUF_X1_G1B2I38         CLKBUF_X1       NangateOpenCellLibrary_ss0p95vn40c
                                                          0.798000  d
CLKBUF_X1_G1B2I42         CLKBUF_X1       NangateOpenCellLibrary_ss0p95vn40c
                                                          0.798000  d
CLKBUF_X1_G1B2I43         CLKBUF_X1       NangateOpenCellLibrary_ss0p95vn40c
                                                          0.798000  d
CLKBUF_X1_G1B2I69         CLKBUF_X1       NangateOpenCellLibrary_ss0p95vn40c
                                                          0.798000  d
CLKBUF_X1_G1B2I74         CLKBUF_X1       NangateOpenCellLibrary_ss0p95vn40c
                                                          0.798000  d
CLKBUF_X1_G1B3I3          CLKBUF_X1       NangateOpenCellLibrary_ss0p95vn40c
                                                          0.798000  d
CLKBUF_X2_G1B2I59         CLKBUF_X1       NangateOpenCellLibrary_ss0p95vn40c
                                                          0.798000  d
CLKBUF_X2_G1B2I61         CLKBUF_X1       NangateOpenCellLibrary_ss0p95vn40c
                                                          0.798000  d
CLKBUF_X2_G1B2I64         CLKBUF_X1       NangateOpenCellLibrary_ss0p95vn40c
                                                          0.798000  d
CLKBUF_X2_G1B2I73         CLKBUF_X1       NangateOpenCellLibrary_ss0p95vn40c
                                                          0.798000  d
CLKBUF_X2_G1B2I78         CLKBUF_X1       NangateOpenCellLibrary_ss0p95vn40c
                                                          0.798000  d
CLKBUF_X2_G1B3I2          CLKBUF_X1       NangateOpenCellLibrary_ss0p95vn40c
                                                          0.798000  d
CLKBUF_X3_G1B3I1          CLKBUF_X2       NangateOpenCellLibrary_ss0p95vn40c
                                                          1.064000  d
CLKBUF_X3_G1B3I10         CLKBUF_X2       NangateOpenCellLibrary_ss0p95vn40c
                                                          1.064000  d
CLKBUF_X3_G1B3I11         CLKBUF_X2       NangateOpenCellLibrary_ss0p95vn40c
                                                          1.064000  d
CTS_clk_CTO_delay6        CLKBUF_X2       NangateOpenCellLibrary_ss0p95vn40c
                                                          1.064000  d
CTS_clk_CTO_delay22       CLKBUF_X3       NangateOpenCellLibrary_ss0p95vn40c
                                                          1.330000  d
CTS_clk_CTO_delay26       CLKBUF_X3       NangateOpenCellLibrary_ss0p95vn40c
                                                          1.330000  d
SPARE_PREFIX_NAME_0       NOR2_X4         NangateOpenCellLibrary_ss0p95vn40c
                                                          2.394000  d
SPARE_PREFIX_NAME_0_0     NAND2_X4        NangateOpenCellLibrary_ss0p95vn40c
                                                          2.394000  d
SPARE_PREFIX_NAME_0_1     NAND2_X4        NangateOpenCellLibrary_ss0p95vn40c
                                                          2.394000  d
SPARE_PREFIX_NAME_0_2     NAND2_X4        NangateOpenCellLibrary_ss0p95vn40c
                                                          2.394000  d
SPARE_PREFIX_NAME_0_3     NAND2_X4        NangateOpenCellLibrary_ss0p95vn40c
                                                          2.394000  d
SPARE_PREFIX_NAME_0_4     NAND2_X4        NangateOpenCellLibrary_ss0p95vn40c
                                                          2.394000  d
SPARE_PREFIX_NAME_0_5     NAND2_X4        NangateOpenCellLibrary_ss0p95vn40c
                                                          2.394000  d
SPARE_PREFIX_NAME_0_6     NAND2_X4        NangateOpenCellLibrary_ss0p95vn40c
                                                          2.394000  d
SPARE_PREFIX_NAME_0_7     NAND2_X4        NangateOpenCellLibrary_ss0p95vn40c
                                                          2.394000  d
SPARE_PREFIX_NAME_0_8     NAND2_X4        NangateOpenCellLibrary_ss0p95vn40c
                                                          2.394000  d
SPARE_PREFIX_NAME_0_9     NAND2_X4        NangateOpenCellLibrary_ss0p95vn40c
                                                          2.394000  d
SPARE_PREFIX_NAME_0_10    NAND2_X4        NangateOpenCellLibrary_ss0p95vn40c
                                                          2.394000  d
SPARE_PREFIX_NAME_0_11    NAND2_X4        NangateOpenCellLibrary_ss0p95vn40c
                                                          2.394000  d
SPARE_PREFIX_NAME_0_12    NAND2_X4        NangateOpenCellLibrary_ss0p95vn40c
                                                          2.394000  d
SPARE_PREFIX_NAME_0_13    NAND2_X4        NangateOpenCellLibrary_ss0p95vn40c
                                                          2.394000  d
SPARE_PREFIX_NAME_0_14    NAND2_X4        NangateOpenCellLibrary_ss0p95vn40c
                                                          2.394000  d
SPARE_PREFIX_NAME_0_15    NAND2_X4        NangateOpenCellLibrary_ss0p95vn40c
                                                          2.394000  d
SPARE_PREFIX_NAME_0_16    NAND2_X4        NangateOpenCellLibrary_ss0p95vn40c
                                                          2.394000  d
SPARE_PREFIX_NAME_0_17    NAND2_X4        NangateOpenCellLibrary_ss0p95vn40c
                                                          2.394000  d
SPARE_PREFIX_NAME_0_18    NAND2_X4        NangateOpenCellLibrary_ss0p95vn40c
                                                          2.394000  d
SPARE_PREFIX_NAME_0_19    NAND2_X4        NangateOpenCellLibrary_ss0p95vn40c
                                                          2.394000  d
SPARE_PREFIX_NAME_1       NOR2_X4         NangateOpenCellLibrary_ss0p95vn40c
                                                          2.394000  d
SPARE_PREFIX_NAME_2       NOR2_X4         NangateOpenCellLibrary_ss0p95vn40c
                                                          2.394000  d
SPARE_PREFIX_NAME_3       NOR2_X4         NangateOpenCellLibrary_ss0p95vn40c
                                                          2.394000  d
SPARE_PREFIX_NAME_4       NOR2_X4         NangateOpenCellLibrary_ss0p95vn40c
                                                          2.394000  d
SPARE_PREFIX_NAME_5       NOR2_X4         NangateOpenCellLibrary_ss0p95vn40c
                                                          2.394000  d
SPARE_PREFIX_NAME_6       NOR2_X4         NangateOpenCellLibrary_ss0p95vn40c
                                                          2.394000  d
SPARE_PREFIX_NAME_7       NOR2_X4         NangateOpenCellLibrary_ss0p95vn40c
                                                          2.394000  d
SPARE_PREFIX_NAME_8       NOR2_X4         NangateOpenCellLibrary_ss0p95vn40c
                                                          2.394000  d
SPARE_PREFIX_NAME_9       NOR2_X4         NangateOpenCellLibrary_ss0p95vn40c
                                                          2.394000  d
SPARE_PREFIX_NAME_10      NOR2_X4         NangateOpenCellLibrary_ss0p95vn40c
                                                          2.394000  d
SPARE_PREFIX_NAME_11      NOR2_X4         NangateOpenCellLibrary_ss0p95vn40c
                                                          2.394000  d
SPARE_PREFIX_NAME_12      NOR2_X4         NangateOpenCellLibrary_ss0p95vn40c
                                                          2.394000  d
SPARE_PREFIX_NAME_13      NOR2_X4         NangateOpenCellLibrary_ss0p95vn40c
                                                          2.394000  d
SPARE_PREFIX_NAME_14      NOR2_X4         NangateOpenCellLibrary_ss0p95vn40c
                                                          2.394000  d
SPARE_PREFIX_NAME_15      NOR2_X4         NangateOpenCellLibrary_ss0p95vn40c
                                                          2.394000  d
SPARE_PREFIX_NAME_16      NOR2_X4         NangateOpenCellLibrary_ss0p95vn40c
                                                          2.394000  d
SPARE_PREFIX_NAME_17      NOR2_X4         NangateOpenCellLibrary_ss0p95vn40c
                                                          2.394000  d
SPARE_PREFIX_NAME_18      NOR2_X4         NangateOpenCellLibrary_ss0p95vn40c
                                                          2.394000  d
SPARE_PREFIX_NAME_19      NOR2_X4         NangateOpenCellLibrary_ss0p95vn40c
                                                          2.394000  d
U1                        CLKBUF_X3       NangateOpenCellLibrary_ss0p95vn40c
                                                          1.330000  
U2                        BUF_X2          NangateOpenCellLibrary_ss0p95vn40c
                                                          1.064000  
U3                        INV_X1          NangateOpenCellLibrary_ss0p95vn40c
                                                          0.532000  
U4                        BUF_X2          NangateOpenCellLibrary_ss0p95vn40c
                                                          1.064000  
U6                        BUF_X2          NangateOpenCellLibrary_ss0p95vn40c
                                                          1.064000  
U7                        INV_X1          NangateOpenCellLibrary_ss0p95vn40c
                                                          0.532000  
Uart_reciever             rx_D_bits9_sb_tick16            284.354004
                                                                    h, n
Uart_transmitter          tx_D_bits9_sb_tick16            299.250004
                                                                    h, n
baud_rate                 timer_bits10                    178.486002
                                                                    h, n
rx_fifo                   asyn_fifo_top_word_width8_0     25871.957797
                                                                    h, n
tx_fifo                   asyn_fifo_top_word_width8_1     28487.269787
                                                                    h, n
--------------------------------------------------------------------------------
Total 124 cells                                           55283.045595
1
